$ node scripts/build.js --formats esm-bundler
[36m
[1m/home/lilfarm/source-perf-20260910/upstream/vuelil/packages/reactivity/src/index.ts[22m → [1mpackages/reactivity/dist/reactivity.esm-bundler.js[22m...[39m
[36m
[1m/home/lilfarm/source-perf-20260910/upstream/vuelil/packages/compiler-core/src/index.ts[22m → [1mpackages/compiler-core/dist/compiler-core.esm-bundler.js[22m...[39m
[36m
[1m/home/lilfarm/source-perf-20260910/upstream/vuelil/packages/compiler-sfc/src/index.ts[22m → [1mpackages/compiler-sfc/dist/compiler-sfc.esm-bundler.js[22m...[39m
[36m
[1m/home/lilfarm/source-perf-20260910/upstream/vuelil/packages/runtime-dom/src/index.ts[22m → [1mpackages/runtime-dom/dist/runtime-dom.esm-bundler.js[22m...[39m
[36m
[1m/home/lilfarm/source-perf-20260910/upstream/vuelil/packages/runtime-core/src/index.ts[22m → [1mpackages/runtime-core/dist/runtime-core.esm-bundler.js[22m...[39m
[36m
[1m/home/lilfarm/source-perf-20260910/upstream/vuelil/packages/vue/src/index.ts[22m → [1mpackages/vue/dist/vue.esm-bundler.js[22m...[39m
[36m
[1m/home/lilfarm/source-perf-20260910/upstream/vuelil/packages/server-renderer/src/index.ts[22m → [1mpackages/server-renderer/dist/server-renderer.esm-bundler.js[22m...[39m
[36m
[1m/home/lilfarm/source-perf-20260910/upstream/vuelil/packages/compiler-dom/src/index.ts[22m → [1mpackages/compiler-dom/dist/compiler-dom.esm-bundler.js[22m...[39m
[36m
[1m/home/lilfarm/source-perf-20260910/upstream/vuelil/packages/compiler-ssr/src/index.ts[22m → [1mpackages/compiler-ssr/dist/compiler-ssr.esm-bundler.js[22m...[39m
[36m
[1m/home/lilfarm/source-perf-20260910/upstream/vuelil/packages/vue-compat/src/esm-index.ts[22m → [1mpackages/vue-compat/dist/vue.esm-bundler.js[22m...[39m
[36m
[1m/home/lilfarm/source-perf-20260910/upstream/vuelil/packages/shared/src/index.ts[22m → [1mpackages/shared/dist/shared.esm-bundler.js[22m...[39m
[32mcreated [1mpackages/vue/dist/vue.esm-bundler.js[22m in [1m83ms[22m[39m
[32mcreated [1mpackages/compiler-dom/dist/compiler-dom.esm-bundler.js[22m in [1m178ms[22m[39m
[32mcreated [1mpackages/server-renderer/dist/server-renderer.esm-bundler.js[22m in [1m207ms[22m[39m
[32mcreated [1mpackages/shared/dist/shared.esm-bundler.js[22m in [1m180ms[22m[39m
[32mcreated [1mpackages/reactivity/dist/reactivity.esm-bundler.js[22m in [1m295ms[22m[39m
[32mcreated [1mpackages/compiler-ssr/dist/compiler-ssr.esm-bundler.js[22m in [1m266ms[22m[39m
[32mcreated [1mpackages/runtime-dom/dist/runtime-dom.esm-bundler.js[22m in [1m319ms[22m[39m
[32mcreated [1mpackages/compiler-core/dist/compiler-core.esm-bundler.js[22m in [1m464ms[22m[39m
[32mcreated [1mpackages/runtime-core/dist/runtime-core.esm-bundler.js[22m in [1m618ms[22m[39m
[32mcreated [1mpackages/vue-compat/dist/vue.esm-bundler.js[22m in [1m934ms[22m[39m
[32mcreated [1mpackages/compiler-sfc/dist/compiler-sfc.esm-bundler.js[22m in [1m1s[22m[39m
$ node scripts/build.js vue --formats esm-bundler-runtime
[36m
[1m/home/lilfarm/source-perf-20260910/upstream/vuelil/packages/vue/src/runtime.ts[22m → [1mpackages/vue/dist/vue.runtime.esm-bundler.js[22m...[39m
[32mcreated [1mpackages/vue/dist/vue.runtime.esm-bundler.js[22m in [1m27ms[22m[39m
