Scope: all 18 workspace projects
? Verifying lockfile against supply-chain policies (620 entries)...
Lockfile is up to date, resolution step is skipped
Progress: resolved 1, reused 0, downloaded 0, added 0
Packages: +502
++++++++++++++++++++++++++++++++++++++++++++++++++++++++++++++++++++++++++++++++
Packages are hard linked from the content-addressable store to the virtual store.
  Content-addressable store is at: /home/lilfarm/.local/share/pnpm/store/v11
  Virtual store is at:             node_modules/.pnpm
Progress: resolved 502, reused 0, downloaded 194, added 15
Progress: resolved 502, reused 0, downloaded 501, added 502, done

devDependencies:
+ @babel/parser 7.29.8
+ @babel/types 7.29.8
+ @rollup/plugin-alias 6.0.0
+ @rollup/plugin-commonjs 29.0.3
+ @rollup/plugin-json 6.1.0
+ @rollup/plugin-node-resolve 16.0.3
+ @rollup/plugin-replace 5.0.4
+ @swc/core 1.15.47
+ @types/hash-sum 1.0.2
+ @types/node 24.13.3
+ @types/semver 7.8.0
+ @types/serve-handler 6.1.4
+ @vitest/browser-playwright 4.1.10
+ @vitest/coverage-v8 4.1.10
+ @vitest/eslint-plugin 1.6.26
+ @vue/consolidate 1.0.0
+ conventional-changelog 8.1.0
+ conventional-changelog-angular 9.2.1
+ enquirer 2.4.1
+ esbuild 0.28.1
+ esbuild-plugin-polyfill-node 0.3.0
+ eslint 10.8.0
+ eslint-plugin-import-x 4.17.1
+ estree-walker 2.0.2
+ jsdom 30.0.1
+ lint-staged 17.3.0
+ lodash 4.18.1
+ magic-string 0.30.21
+ markdown-table 3.0.4
+ marked 13.0.3
+ npm-run-all2 9.0.3
+ picocolors 1.1.1
+ playwright 1.62.1
+ prettier 3.9.6
+ pretty-bytes 7.1.1
+ pug 3.0.4
+ puppeteer 25.4.0
+ rimraf 6.1.3
+ rollup 4.62.4
+ rollup-plugin-dts 6.4.1
+ rollup-plugin-esbuild 6.2.1
+ rollup-plugin-polyfill-node 0.13.0
+ semver 7.8.5
+ serve 14.2.6
+ serve-handler 6.1.7
+ simple-git-hooks 2.13.1
+ todomvc-app-css 2.4.3
+ tslib 2.8.1
+ typescript 6.0.3
+ typescript-eslint 8.65.0
+ vite 8.2.0
+ vitest 4.1.10

✓ Lockfile passes supply-chain policies (620 entries in 4.5s)
Done in 5s using pnpm v11.19.0
